
> car-parts-sellings@0.1.0 build C:\Users\acer\OneDrive\─░┼Я masas─▒\Python\Python Projects\car-parts-sellings
> next build

   тЦ▓ Next.js 14.1.0
   - Environments: .env

   Creating an optimized production build ...
 тЬУ Compiled successfully
   Linting and checking validity of types ...
   Collecting page data ...
   Generating static pages (0/23) ...

   Generating static pages (5/23) 

   Generating static pages (11/23) 

   Generating static pages (17/23) 
node.exe : PrismaClientInitializationError: 
At C:\Users\acer\AppData\Roaming\npm\pnpm.ps1:24 char:5
+     & "node$exe"  "$basedir/node_modules/pnpm/bin/pnpm.cjs" $args
+     ~~~~~~~~~~~~~~~~~~~~~~~~~~~~~~~~~~~~~~~~~~~~~~~~~~~~~~~~~~~~~
    + CategoryInfo          : NotSpecified: (PrismaClientInitializationError: :String) [], RemoteExcepti 
   on
    + FullyQualifiedErrorId : NativeCommandError
 
Invalid `prisma.product.findMany()` invocation:


Can't reach database server at `localhost:5432`

Please make sure your database server is running at `localhost:5432`.
    at $n.handleRequestError (C:\Users\acer\OneDrive\─░┼Я masas─▒\Python\Python Projects\car-parts-sellin
gs\node_modules\.pnpm\@prisma+client@5.22.0_prisma@5.22.0\node_modules\@prisma\client\runtime\library.js:
121:7615)
    at $n.handleAndLogRequestError (C:\Users\acer\OneDrive\─░┼Я masas─▒\Python\Python Projects\car-parts-
sellings\node_modules\.pnpm\@prisma+client@5.22.0_prisma@5.22.0\node_modules\@prisma\client\runtime\libra
ry.js:121:6623)
    at $n.request (C:\Users\acer\OneDrive\─░┼Я masas─▒\Python\Python Projects\car-parts-sellings\node_mod
ules\.pnpm\@prisma+client@5.22.0_prisma@5.22.0\node_modules\@prisma\client\runtime\library.js:121:6307)
    at async l (C:\Users\acer\OneDrive\─░┼Я masas─▒\Python\Python Projects\car-parts-sellings\node_module
s\.pnpm\@prisma+client@5.22.0_prisma@5.22.0\node_modules\@prisma\client\runtime\library.js:130:9633)
    at async Promise.all (index 0)
    at async c (C:\Users\acer\OneDrive\─░┼Я masas─▒\Python\Python 
Projects\car-parts-sellings\.next\server\app\page.js:6:123623) {
  clientVersion: '5.22.0',
  errorCode: undefined
}
PrismaClientInitializationError: 
Invalid `prisma.product.findMany()` invocation:


Can't reach database server at `localhost:5432`

Please make sure your database server is running at `localhost:5432`.
    at $n.handleRequestError (C:\Users\acer\OneDrive\─░┼Я masas─▒\Python\Python Projects\car-parts-sellin
gs\node_modules\.pnpm\@prisma+client@5.22.0_prisma@5.22.0\node_modules\@prisma\client\runtime\library.js:
121:7615)
    at $n.handleAndLogRequestError (C:\Users\acer\OneDrive\─░┼Я masas─▒\Python\Python Projects\car-parts-
sellings\node_modules\.pnpm\@prisma+client@5.22.0_prisma@5.22.0\node_modules\@prisma\client\runtime\libra
ry.js:121:6623)
    at $n.request (C:\Users\acer\OneDrive\─░┼Я masas─▒\Python\Python Projects\car-parts-sellings\node_mod
ules\.pnpm\@prisma+client@5.22.0_prisma@5.22.0\node_modules\@prisma\client\runtime\library.js:121:6307)
    at async l (C:\Users\acer\OneDrive\─░┼Я masas─▒\Python\Python Projects\car-parts-sellings\node_module
s\.pnpm\@prisma+client@5.22.0_prisma@5.22.0\node_modules\@prisma\client\runtime\library.js:130:9633)
    at async Promise.all (index 0)
    at async c (C:\Users\acer\OneDrive\─░┼Я masas─▒\Python\Python 
Projects\car-parts-sellings\.next\server\app\page.js:6:123623) {
  clientVersion: '5.22.0',
  errorCode: undefined
}

Error occurred prerendering page "/". Read more: https://nextjs.org/docs/messages/prerender-error

PrismaClientInitializationError: 
Invalid `prisma.product.findMany()` invocation:


Can't reach database server at `localhost:5432`

Please make sure your database server is running at `localhost:5432`.
    at $n.handleRequestError (C:\Users\acer\OneDrive\─░┼Я masas─▒\Python\Python Projects\car-parts-sellin
gs\node_modules\.pnpm\@prisma+client@5.22.0_prisma@5.22.0\node_modules\@prisma\client\runtime\library.js:
121:7615)
    at $n.handleAndLogRequestError (C:\Users\acer\OneDrive\─░┼Я masas─▒\Python\Python Projects\car-parts-
sellings\node_modules\.pnpm\@prisma+client@5.22.0_prisma@5.22.0\node_modules\@prisma\client\runtime\libra
ry.js:121:6623)
    at $n.request (C:\Users\acer\OneDrive\─░┼Я masas─▒\Python\Python Projects\car-parts-sellings\node_mod
ules\.pnpm\@prisma+client@5.22.0_prisma@5.22.0\node_modules\@prisma\client\runtime\library.js:121:6307)
    at async l (C:\Users\acer\OneDrive\─░┼Я masas─▒\Python\Python Projects\car-parts-sellings\node_module
s\.pnpm\@prisma+client@5.22.0_prisma@5.22.0\node_modules\@prisma\client\runtime\library.js:130:9633)
    at async Promise.all (index 0)
    at async c (C:\Users\acer\OneDrive\─░┼Я masas─▒\Python\Python 
Projects\car-parts-sellings\.next\server\app\page.js:6:123623)
PrismaClientInitializationError: 
Invalid `prisma.category.findMany()` invocation:


Can't reach database server at `localhost:5432`

Please make sure your database server is running at `localhost:5432`.
    at $n.handleRequestError (C:\Users\acer\OneDrive\─░┼Я masas─▒\Python\Python Projects\car-parts-sellin
gs\node_modules\.pnpm\@prisma+client@5.22.0_prisma@5.22.0\node_modules\@prisma\client\runtime\library.js:
121:7615)
    at $n.handleAndLogRequestError (C:\Users\acer\OneDrive\─░┼Я masas─▒\Python\Python Projects\car-parts-
sellings\node_modules\.pnpm\@prisma+client@5.22.0_prisma@5.22.0\node_modules\@prisma\client\runtime\libra
ry.js:121:6623)
    at $n.request (C:\Users\acer\OneDrive\─░┼Я masas─▒\Python\Python Projects\car-parts-sellings\node_mod
ules\.pnpm\@prisma+client@5.22.0_prisma@5.22.0\node_modules\@prisma\client\runtime\library.js:121:6307)
    at async l (C:\Users\acer\OneDrive\─░┼Я masas─▒\Python\Python Projects\car-parts-sellings\node_module
s\.pnpm\@prisma+client@5.22.0_prisma@5.22.0\node_modules\@prisma\client\runtime\library.js:130:9633)
    at async d (C:\Users\acer\OneDrive\─░┼Я masas─▒\Python\Python 
Projects\car-parts-sellings\.next\server\app\categories\page.js:6:470) {
  clientVersion: '5.22.0',
  errorCode: undefined
}
PrismaClientInitializationError: 
Invalid `prisma.category.findMany()` invocation:


Can't reach database server at `localhost:5432`

Please make sure your database server is running at `localhost:5432`.
    at $n.handleRequestError (C:\Users\acer\OneDrive\─░┼Я masas─▒\Python\Python Projects\car-parts-sellin
gs\node_modules\.pnpm\@prisma+client@5.22.0_prisma@5.22.0\node_modules\@prisma\client\runtime\library.js:
121:7615)
    at $n.handleAndLogRequestError (C:\Users\acer\OneDrive\─░┼Я masas─▒\Python\Python Projects\car-parts-
sellings\node_modules\.pnpm\@prisma+client@5.22.0_prisma@5.22.0\node_modules\@prisma\client\runtime\libra
ry.js:121:6623)
    at $n.request (C:\Users\acer\OneDrive\─░┼Я masas─▒\Python\Python Projects\car-parts-sellings\node_mod
ules\.pnpm\@prisma+client@5.22.0_prisma@5.22.0\node_modules\@prisma\client\runtime\library.js:121:6307)
    at async l (C:\Users\acer\OneDrive\─░┼Я masas─▒\Python\Python Projects\car-parts-sellings\node_module
s\.pnpm\@prisma+client@5.22.0_prisma@5.22.0\node_modules\@prisma\client\runtime\library.js:130:9633)
    at async d (C:\Users\acer\OneDrive\─░┼Я masas─▒\Python\Python 
Projects\car-parts-sellings\.next\server\app\categories\page.js:6:470) {
  clientVersion: '5.22.0',
  errorCode: undefined
}

Error occurred prerendering page "/categories". Read more: 
https://nextjs.org/docs/messages/prerender-error

PrismaClientInitializationError: 
Invalid `prisma.category.findMany()` invocation:


Can't reach database server at `localhost:5432`

Please make sure your database server is running at `localhost:5432`.
    at $n.handleRequestError (C:\Users\acer\OneDrive\─░┼Я masas─▒\Python\Python Projects\car-parts-sellin
gs\node_modules\.pnpm\@prisma+client@5.22.0_prisma@5.22.0\node_modules\@prisma\client\runtime\library.js:
121:7615)
    at $n.handleAndLogRequestError (C:\Users\acer\OneDrive\─░┼Я masas─▒\Python\Python Projects\car-parts-
sellings\node_modules\.pnpm\@prisma+client@5.22.0_prisma@5.22.0\node_modules\@prisma\client\runtime\libra
ry.js:121:6623)
    at $n.request (C:\Users\acer\OneDrive\─░┼Я masas─▒\Python\Python Projects\car-parts-sellings\node_mod
ules\.pnpm\@prisma+client@5.22.0_prisma@5.22.0\node_modules\@prisma\client\runtime\library.js:121:6307)
    at async l (C:\Users\acer\OneDrive\─░┼Я masas─▒\Python\Python Projects\car-parts-sellings\node_module
s\.pnpm\@prisma+client@5.22.0_prisma@5.22.0\node_modules\@prisma\client\runtime\library.js:130:9633)
    at async d (C:\Users\acer\OneDrive\─░┼Я masas─▒\Python\Python 
Projects\car-parts-sellings\.next\server\app\categories\page.js:6:470)
PrismaClientInitializationError: 
Invalid `prisma.brand.findMany()` invocation:


Can't reach database server at `localhost:5432`

Please make sure your database server is running at `localhost:5432`.
    at $n.handleRequestError (C:\Users\acer\OneDrive\─░┼Я masas─▒\Python\Python Projects\car-parts-sellin
gs\node_modules\.pnpm\@prisma+client@5.22.0_prisma@5.22.0\node_modules\@prisma\client\runtime\library.js:
121:7615)
    at $n.handleAndLogRequestError (C:\Users\acer\OneDrive\─░┼Я masas─▒\Python\Python Projects\car-parts-
sellings\node_modules\.pnpm\@prisma+client@5.22.0_prisma@5.22.0\node_modules\@prisma\client\runtime\libra
ry.js:121:6623)
    at $n.request (C:\Users\acer\OneDrive\─░┼Я masas─▒\Python\Python Projects\car-parts-sellings\node_mod
ules\.pnpm\@prisma+client@5.22.0_prisma@5.22.0\node_modules\@prisma\client\runtime\library.js:121:6307)
    at async l (C:\Users\acer\OneDrive\─░┼Я masas─▒\Python\Python Projects\car-parts-sellings\node_module
s\.pnpm\@prisma+client@5.22.0_prisma@5.22.0\node_modules\@prisma\client\runtime\library.js:130:9633)
    at async m (C:\Users\acer\OneDrive\─░┼Я masas─▒\Python\Python 
Projects\car-parts-sellings\.next\server\app\brands\page.js:6:606) {
  clientVersion: '5.22.0',
  errorCode: undefined
}
PrismaClientInitializationError: 
Invalid `prisma.brand.findMany()` invocation:


Can't reach database server at `localhost:5432`

Please make sure your database server is running at `localhost:5432`.
    at $n.handleRequestError (C:\Users\acer\OneDrive\─░┼Я masas─▒\Python\Python Projects\car-parts-sellin
gs\node_modules\.pnpm\@prisma+client@5.22.0_prisma@5.22.0\node_modules\@prisma\client\runtime\library.js:
121:7615)
    at $n.handleAndLogRequestError (C:\Users\acer\OneDrive\─░┼Я masas─▒\Python\Python Projects\car-parts-
sellings\node_modules\.pnpm\@prisma+client@5.22.0_prisma@5.22.0\node_modules\@prisma\client\runtime\libra
ry.js:121:6623)
    at $n.request (C:\Users\acer\OneDrive\─░┼Я masas─▒\Python\Python Projects\car-parts-sellings\node_mod
ules\.pnpm\@prisma+client@5.22.0_prisma@5.22.0\node_modules\@prisma\client\runtime\library.js:121:6307)
    at async l (C:\Users\acer\OneDrive\─░┼Я masas─▒\Python\Python Projects\car-parts-sellings\node_module
s\.pnpm\@prisma+client@5.22.0_prisma@5.22.0\node_modules\@prisma\client\runtime\library.js:130:9633)
    at async m (C:\Users\acer\OneDrive\─░┼Я masas─▒\Python\Python 
Projects\car-parts-sellings\.next\server\app\brands\page.js:6:606) {
  clientVersion: '5.22.0',
  errorCode: undefined
}

Error occurred prerendering page "/brands". Read more: https://nextjs.org/docs/messages/prerender-error

PrismaClientInitializationError: 
Invalid `prisma.brand.findMany()` invocation:



Can't reach database server at `localhost:5432`

Please make sure your database server is running at `localhost:5432`.
    at $n.handleRequestError (C:\Users\acer\OneDrive\─░┼Я masas─▒\Python\Python Projects\car-parts-sellin
gs\node_modules\.pnpm\@prisma+client@5.22.0_prisma@5.22.0\node_modules\@prisma\client\runtime\library.js:
121:7615)
    at $n.handleAndLogRequestError (C:\Users\acer\OneDrive\─░┼Я masas─▒\Python\Python Projects\car-parts-
sellings\node_modules\.pnpm\@prisma+client@5.22.0_prisma@5.22.0\node_modules\@prisma\client\runtime\libra
ry.js:121:6623)
    at $n.request (C:\Users\acer\OneDrive\─░┼Я masas─▒\Python\Python Projects\car-parts-sellings\node_mod
ules\.pnpm\@prisma+client@5.22.0_prisma@5.22.0\node_modules\@prisma\client\runtime\library.js:121:6307)
    at async l (C:\Users\acer\OneDrive\─░┼Я masas─▒\Python\Python Projects\car-parts-sellings\node_module
s\.pnpm\@prisma+client@5.22.0_prisma@5.22.0\node_modules\@prisma\client\runtime\library.js:130:9633)
    at async m (C:\Users\acer\OneDrive\─░┼Я masas─▒\Python\Python 
Projects\car-parts-sellings\.next\server\app\brands\page.js:6:606)
 тЬУ Generating static pages (23/23) 
PrismaClientInitializationError: 
Invalid `prisma.product.findMany()` invocation:


Can't reach database server at `localhost:5432`

Please make sure your database server is running at `localhost:5432`.
    at $n.handleRequestError (C:\Users\acer\OneDrive\─░┼Я masas─▒\Python\Python Projects\car-parts-sellin
gs\node_modules\.pnpm\@prisma+client@5.22.0_prisma@5.22.0\node_modules\@prisma\client\runtime\library.js:
121:7615)
    at $n.handleAndLogRequestError (C:\Users\acer\OneDrive\─░┼Я masas─▒\Python\Python Projects\car-parts-
sellings\node_modules\.pnpm\@prisma+client@5.22.0_prisma@5.22.0\node_modules\@prisma\client\runtime\libra
ry.js:121:6623)
    at $n.request (C:\Users\acer\OneDrive\─░┼Я masas─▒\Python\Python Projects\car-parts-sellings\node_mod
ules\.pnpm\@prisma+client@5.22.0_prisma@5.22.0\node_modules\@prisma\client\runtime\library.js:121:6307)
    at async l (C:\Users\acer\OneDrive\─░┼Я masas─▒\Python\Python Projects\car-parts-sellings\node_module
s\.pnpm\@prisma+client@5.22.0_prisma@5.22.0\node_modules\@prisma\client\runtime\library.js:130:9633)
    at async p (C:\Users\acer\OneDrive\─░┼Я masas─▒\Python\Python 
Projects\car-parts-sellings\.next\server\app\admin\products\page.js:26:411) {
  clientVersion: '5.22.0',
  errorCode: undefined
}
PrismaClientInitializationError: 
Invalid `prisma.product.findMany()` invocation:


Can't reach database server at `localhost:5432`

Please make sure your database server is running at `localhost:5432`.
    at $n.handleRequestError (C:\Users\acer\OneDrive\─░┼Я masas─▒\Python\Python Projects\car-parts-sellin
gs\node_modules\.pnpm\@prisma+client@5.22.0_prisma@5.22.0\node_modules\@prisma\client\runtime\library.js:
121:7615)
    at $n.handleAndLogRequestError (C:\Users\acer\OneDrive\─░┼Я masas─▒\Python\Python Projects\car-parts-
sellings\node_modules\.pnpm\@prisma+client@5.22.0_prisma@5.22.0\node_modules\@prisma\client\runtime\libra
ry.js:121:6623)
    at $n.request (C:\Users\acer\OneDrive\─░┼Я masas─▒\Python\Python Projects\car-parts-sellings\node_mod
ules\.pnpm\@prisma+client@5.22.0_prisma@5.22.0\node_modules\@prisma\client\runtime\library.js:121:6307)
    at async l (C:\Users\acer\OneDrive\─░┼Я masas─▒\Python\Python Projects\car-parts-sellings\node_module
s\.pnpm\@prisma+client@5.22.0_prisma@5.22.0\node_modules\@prisma\client\runtime\library.js:130:9633)
    at async p (C:\Users\acer\OneDrive\─░┼Я masas─▒\Python\Python 
Projects\car-parts-sellings\.next\server\app\admin\products\page.js:26:411) {
  clientVersion: '5.22.0',
  errorCode: undefined
}
PrismaClientInitializationError: 
Invalid `prisma.product.count()` invocation:


Can't reach database server at `localhost:5432`

Please make sure your database server is running at `localhost:5432`.
    at $n.handleRequestError (C:\Users\acer\OneDrive\─░┼Я masas─▒\Python\Python Projects\car-parts-sellin
gs\node_modules\.pnpm\@prisma+client@5.22.0_prisma@5.22.0\node_modules\@prisma\client\runtime\library.js:
121:7615)
    at $n.handleAndLogRequestError (C:\Users\acer\OneDrive\─░┼Я masas─▒\Python\Python Projects\car-parts-
sellings\node_modules\.pnpm\@prisma+client@5.22.0_prisma@5.22.0\node_modules\@prisma\client\runtime\libra
ry.js:121:6623)
    at $n.request (C:\Users\acer\OneDrive\─░┼Я masas─▒\Python\Python Projects\car-parts-sellings\node_mod
ules\.pnpm\@prisma+client@5.22.0_prisma@5.22.0\node_modules\@prisma\client\runtime\library.js:121:6307)
    at async l (C:\Users\acer\OneDrive\─░┼Я masas─▒\Python\Python Projects\car-parts-sellings\node_module
s\.pnpm\@prisma+client@5.22.0_prisma@5.22.0\node_modules\@prisma\client\runtime\library.js:130:9633)
    at async Promise.all (index 0)
    at async o (C:\Users\acer\OneDrive\─░┼Я masas─▒\Python\Python 
Projects\car-parts-sellings\.next\server\app\admin\page.js:26:206)
    at async x (C:\Users\acer\OneDrive\─░┼Я masas─▒\Python\Python 
Projects\car-parts-sellings\.next\server\app\admin\page.js:26:467) {
  clientVersion: '5.22.0',
  errorCode: undefined
}
PrismaClientInitializationError: 
Invalid `prisma.product.count()` invocation:


Can't reach database server at `localhost:5432`

Please make sure your database server is running at `localhost:5432`.
    at $n.handleRequestError (C:\Users\acer\OneDrive\─░┼Я masas─▒\Python\Python Projects\car-parts-sellin
gs\node_modules\.pnpm\@prisma+client@5.22.0_prisma@5.22.0\node_modules\@prisma\client\runtime\library.js:
121:7615)
    at $n.handleAndLogRequestError (C:\Users\acer\OneDrive\─░┼Я masas─▒\Python\Python Projects\car-parts-
sellings\node_modules\.pnpm\@prisma+client@5.22.0_prisma@5.22.0\node_modules\@prisma\client\runtime\libra
ry.js:121:6623)
    at $n.request (C:\Users\acer\OneDrive\─░┼Я masas─▒\Python\Python Projects\car-parts-sellings\node_mod
ules\.pnpm\@prisma+client@5.22.0_prisma@5.22.0\node_modules\@prisma\client\runtime\library.js:121:6307)
    at async l (C:\Users\acer\OneDrive\─░┼Я masas─▒\Python\Python Projects\car-parts-sellings\node_module
s\.pnpm\@prisma+client@5.22.0_prisma@5.22.0\node_modules\@prisma\client\runtime\library.js:130:9633)
    at async Promise.all (index 0)
    at async o (C:\Users\acer\OneDrive\─░┼Я masas─▒\Python\Python 
Projects\car-parts-sellings\.next\server\app\admin\page.js:26:206)
    at async x (C:\Users\acer\OneDrive\─░┼Я masas─▒\Python\Python 
Projects\car-parts-sellings\.next\server\app\admin\page.js:26:467) {
  clientVersion: '5.22.0',
  errorCode: undefined
}
PrismaClientInitializationError: 
Invalid `prisma.order.findMany()` invocation:


Can't reach database server at `localhost:5432`

Please make sure your database server is running at `localhost:5432`.
    at $n.handleRequestError (C:\Users\acer\OneDrive\─░┼Я masas─▒\Python\Python Projects\car-parts-sellin
gs\node_modules\.pnpm\@prisma+client@5.22.0_prisma@5.22.0\node_modules\@prisma\client\runtime\library.js:
121:7615)
    at $n.handleAndLogRequestError (C:\Users\acer\OneDrive\─░┼Я masas─▒\Python\Python Projects\car-parts-
sellings\node_modules\.pnpm\@prisma+client@5.22.0_prisma@5.22.0\node_modules\@prisma\client\runtime\libra
ry.js:121:6623)
    at $n.request (C:\Users\acer\OneDrive\─░┼Я masas─▒\Python\Python Projects\car-parts-sellings\node_mod
ules\.pnpm\@prisma+client@5.22.0_prisma@5.22.0\node_modules\@prisma\client\runtime\library.js:121:6307)
    at async l (C:\Users\acer\OneDrive\─░┼Я masas─▒\Python\Python Projects\car-parts-sellings\node_module
s\.pnpm\@prisma+client@5.22.0_prisma@5.22.0\node_modules\@prisma\client\runtime\library.js:130:9633)
    at async l (C:\Users\acer\OneDrive\─░┼Я masas─▒\Python\Python 
Projects\car-parts-sellings\.next\server\app\admin\orders\page.js:21:2218) {
  clientVersion: '5.22.0',
  errorCode: undefined
}
PrismaClientInitializationError: 
Invalid `prisma.order.findMany()` invocation:


Can't reach database server at `localhost:5432`

Please make sure your database server is running at `localhost:5432`.
    at $n.handleRequestError (C:\Users\acer\OneDrive\─░┼Я masas─▒\Python\Python Projects\car-parts-sellin
gs\node_modules\.pnpm\@prisma+client@5.22.0_prisma@5.22.0\node_modules\@prisma\client\runtime\library.js:
121:7615)
    at $n.handleAndLogRequestError (C:\Users\acer\OneDrive\─░┼Я masas─▒\Python\Python Projects\car-parts-
sellings\node_modules\.pnpm\@prisma+client@5.22.0_prisma@5.22.0\node_modules\@prisma\client\runtime\libra
ry.js:121:6623)
    at $n.request (C:\Users\acer\OneDrive\─░┼Я masas─▒\Python\Python Projects\car-parts-sellings\node_mod
ules\.pnpm\@prisma+client@5.22.0_prisma@5.22.0\node_modules\@prisma\client\runtime\library.js:121:6307)
    at async l (C:\Users\acer\OneDrive\─░┼Я masas─▒\Python\Python Projects\car-parts-sellings\node_module
s\.pnpm\@prisma+client@5.22.0_prisma@5.22.0\node_modules\@prisma\client\runtime\library.js:130:9633)
    at async l (C:\Users\acer\OneDrive\─░┼Я masas─▒\Python\Python 
Projects\car-parts-sellings\.next\server\app\admin\orders\page.js:21:2218) {
  clientVersion: '5.22.0',
  errorCode: undefined
}

> Export encountered errors on following paths:
	/brands/page: /brands
	/categories/page: /categories
	/page: /
тАЙELIFECYCLEтАЙ Command failed with exit code 1.
